// Jest Snapshot v1, https://goo.gl/fbAQLP

exports[`Form: Virtual DOM snapshot 1`] = `
.c0 > * {
  margin-bottom: 15px;
}

<form
  className="c0"
/>
`;
