// Jest Snapshot v1, https://goo.gl/fbAQLP

exports[`sharecss: Virtual DOM snapshot 1`] = `
.c0 {
  position: absolute;
  left: 50%;
  top: 50%;
  -webkit-transform: translate(-50%,-50%);
  -ms-transform: translate(-50%,-50%);
  transform: translate(-50%,-50%);
}

<button
  className="c0"
/>
`;
